 AS V1.42 Beta [Bld 78] - source file test_rdfont.a80 - page 1 - 1/16/2012 18:32:50


       1/       0 :                     
       2/       0 :                     		include ../../macros.a80
(1)    1/       0 :                     
(1)    2/       0 :                     		RELAXED ON
(1)    3/       0 :                     		CPU Z80UNDOC
(1)    4/       0 :                     
(1)    5/       0 :                     DZ		MACRO DEFZ
(1)    6/       0 :                     		DB DEFZ,0
(1)    7/       0 :                     		ENDM 
(1)    8/       0 :                     
(1)    9/       0 :                     DC		MACRO DEFC
(1)   10/       0 :                     		IF STRLEN(DEFC)>1
(1)   11/       0 :                     		DB SUBSTR(DEFC,0,STRLEN(DEFC)-1)
(1)   12/       0 :                     		ENDIF
(1)   13/       0 :                     		IF STRLEN(DEFC)>0
(1)   14/       0 :                     		DB CHARFROMSTR(DEFC,STRLEN(DEFC)-1)|80H
(1)   15/       0 :                     		ENDIF
(1)   16/       0 :                     		ENDM
(1)   17/       0 :                     
(1)   18/       0 :                     SUM_HOB		MACRO STR,AA,BB,CC
(1)   19/       0 :                     		DB STR
(1)   20/       0 :                     		DW AA
(1)   21/       0 :                     		DW BB
(1)   22/       0 :                     		DB 0
(1)   23/       0 :                     		DB CC
(1)   24/       0 :                     $$I := 0
(1)   25/       0 :                     $$S := 0
(1)   26/       0 :                     		REPT 9
(1)   27/       0 :                     $$N := CHARFROMSTR (STR,STRLEN(STR)+$$S-9)
(1)   28/       0 :                     $$I := ($$I+$$S+$$N+($$N*256))&0XFFFF
(1)   29/       0 :                     $$S := $$S+1
(1)   30/       0 :                     		ENDM
(1)   31/       0 :                     $$I := ($$I+$$S+LOW (AA)+(LOW (AA)*0X100))&0XFFFF
(1)   32/       0 :                     $$S := $$S+1
(1)   33/       0 :                     $$I := ($$I+$$S+HIGH (AA)+(HIGH (AA)*0X100))&0XFFFF
(1)   34/       0 :                     $$S := $$S+1
(1)   35/       0 :                     $$I := ($$I+$$S+LOW (BB)+(LOW (BB)*0X100))&0XFFFF
(1)   36/       0 :                     $$S := $$S+1
(1)   37/       0 :                     $$I := ($$I+$$S+HIGH (BB)+(HIGH (BB)*0X100))&0XFFFF
(1)   38/       0 :                     $$S := $$S+1
(1)   39/       0 :                     $$I := ($$I+$$S+LOW (CC)+(LOW (CC)*0X100))&0XFFFF
(1)   40/       0 :                     $$S := $$S+1
(1)   41/       0 :                     $$I := ($$I+$$S+HIGH (CC)+(HIGH (CC)*0X100))&0XFFFF
(1)   42/       0 :                     $$S := $$S+1
(1)   43/       0 :                     		DW $$I
(1)   44/       0 :                     		ENDM
(1)   45/       0 :                     
(1)   46/       0 :                     DUPL		MACRO LEN,FILL
(1)   47/       0 :                     DUPL:
(1)   48/       0 :                     $$N		EQU (LEN) / 1024
(1)   49/       0 :                     $$M		EQU (LEN) # 1024
(1)   50/       0 :                     		REPT $$N
(1)   51/       0 :                     		DB 1024 DUP(FILL)
(1)   52/       0 :                     		ENDM
(1)   53/       0 :                     		IF $$M <> 0
(1)   54/       0 :                     		DB $$M DUP(FILL)
(1)   55/       0 :                     		ENDIF
(1)   56/       0 :                     		ENDM
(1)   57/       0 :                     
(1)   58/       0 :                     HIGH		FUNCTION X,((X >> 8) & 0XFF)
 AS V1.42 Beta [Bld 78] - source file test_rdfont.a80(../../macros.a80) - page 2 - 1/16/2012 18:32:50


(1)   59/       0 :                     LOW		FUNCTION X,(X & 0XFF)
(1)   60/       0 :                     
       3/       0 :                     		include ../../global_vars.a80
(1)    1/       0 :                     
(1)    2/       0 :                     ;LAST UPDATE: 14.01.2012 savelij
(1)    3/       0 :                     
(1)    4/       0 : =1H                 PAGE_EVODOS	EQU 1				;‚…‘€ ‘’€–€  EVO-DOS „‹ ……•‚€’€
(1)    5/       0 : =2H                 PAGE_PROFROM	EQU 2				;‚…‘€ ‘’€–€ ………›• PROFROM
(1)    6/       0 : =3H                 PAGE_RAMDISK	EQU 3				;‚…‘€ ‘’€–€ €—€‹€ €„‘€
(1)    7/       0 : =40H                PAGE4FLASHER	EQU 0X40			;‚…‘€ ‘’€–€ €—€‹€ ‡€ƒ“‡ ‚
(1)    8/       0 : =60H                PAGE4TAP	EQU 0X60			;‚…‘€ ‘’€–€ „‹ ‡€ƒ“‡ TAP ”€‰‹€
(1)    9/       0 :                     
(1)   10/       0 : =8CH                CONF4PROF	EQU 0X8C			;‘’€’‚€ ‘’€–€ „‹ EVO PROFROM 128K
(1)   11/       0 : =90H                CONF4GLUK	EQU 0X90			;‘’€’‚€ ‘’€–€ „‹ GLUK 64K
(1)   12/       0 : =9CH                CONF4CUSTOM	EQU 0X9C			;‘’€’‚€ ‘’€–€ „‹ ‹‡‚€’…‹‘‰ ‚ 64
(1)   13/       0 :                     
(1)   14/       0 : =2FF8H              CP866_FONT	EQU 0X2FF8			;€„…‘ €•†„… ‚ ‡“ ”’€
(1)   15/       0 : =37F8H              ATM_FONT	EQU 0X37F8			;€„…‘ €•†„… ‚ ‡“ ”’€
(1)   16/       0 :                     
(1)   17/       0 : =37F7H              WIN_P0		EQU 0X37F7			;€„…‘ 0 ‘’€–› …–‚€ PENTEVO
(1)   18/       0 : =77F7H              WIN_P1		EQU 0X77F7			;€„…‘ 1 ‘’€–› …–‚€ PENTEVO
(1)   19/       0 : =B7F7H              WIN_P2		EQU 0XB7F7			;€„…‘ 2 ‘’€–› …–‚€ PENTEVO
(1)   20/       0 : =F7F7H              WIN_P3		EQU 0XF7F7			;€„…‘ 3 ‘’€–› …–‚€ PENTEVO
(1)   21/       0 : =3FF7H              WIN_A0		EQU 0X3FF7			;€„…‘ 0 ‘’€–› …–‚€ ATM
(1)   22/       0 : =7FF7H              WIN_A1		EQU 0X7FF7			;€„…‘ 1 ‘’€–› …–‚€ ATM
(1)   23/       0 : =BFF7H              WIN_A2		EQU 0XBFF7			;€„…‘ 2 ‘’€–› …–‚€ ATM
(1)   24/       0 : =FFF7H              WIN_A3		EQU 0XFFF7			;€„…‘ 3 ‘’€–› …–‚€ ATM
(1)   25/       0 : =BFH                PEVO_CONF	EQU 0XBF			;€„…‘ ’€ ”ƒ€ PENTEVO
(1)   26/       0 : =DEF7H              CMOSD_SET_ADR	EQU 0XDEF7			;€„…‘ ’€ “‘’€‚ €„…‘€ CMOS —…‰ ‡ DOS
(1)   27/       0 : =BEF7H              CMOSD_RD_WR	EQU 0XBEF7			;€„…‘ ’€ —’…/‡€‘ €‰’ CMOS ‡ „‘€
(1)   28/       0 : =DFF7H              CMOS_SET_ADR	EQU 0XDFF7			;€„…‘ ’€ “‘’€‚ €„…‘€ CMOS —…‰
(1)   29/       0 : =BFF7H              CMOS_RD_WR	EQU 0XBFF7			;€„…‘ ’€ —’…/‡€‘ €‰’ CMOS
(1)   30/       0 : =EFF7H              PENT_CONF	EQU 0XEFF7			;€„…‘ ’€ ”ƒ€ …†€ …’€ƒ€
(1)   31/       0 :                     
(1)   32/       0 :                     ;’€ „‹ —’… ’‚ ”ƒ“€–
(1)   33/       0 : =BEH                RD_0WINA0	EQU 0X00BE			;€„…‘ ’€ 0 € …–‚€ 0 €…€
(1)   34/       0 : =1BEH               RD_0WINA1	EQU 0X01BE			;€„…‘ ’€ 1 € …–‚€ 0 €…€
(1)   35/       0 : =2BEH               RD_0WINA2	EQU 0X02BE			;€„…‘ ’€ 2 € …–‚€ 0 €…€
(1)   36/       0 : =3BEH               RD_0WINA3	EQU 0X03BE			;€„…‘ ’€ 3 € …–‚€ 0 €…€
(1)   37/       0 : =4BEH               RD_1WINA0	EQU 0X04BE			;€„…‘ ’€ 0 € …–‚€ 1 €…€
(1)   38/       0 : =5BEH               RD_1WINA1	EQU 0X05BE			;€„…‘ ’€ 1 € …–‚€ 1 €…€
(1)   39/       0 : =6BEH               RD_1WINA2	EQU 0X06BE			;€„…‘ ’€ 2 € …–‚€ 1 €…€
(1)   40/       0 : =7BEH               RD_1WINA3	EQU 0X07BE			;€„…‘ ’€ 3 € …–‚€ 1 €…€
(1)   41/       0 : =8BEH               RD_RAMNROM	EQU 0X08BE			;€„…‘ ’€ ’‚ RAM & ROM
(1)   42/       0 : =9BEH               RD_DOS7FFD	EQU 0X09BE			;€„…‘ ’€ ’‚ DOS & 7FFD
(1)   43/       0 : =ABEH               RD_7FFD		EQU 0X0ABE			;€„…‘ ’€ 7FFD
(1)   44/       0 : =BBEH               RD_EFF7		EQU 0X0BBE			;€„…‘ ’€ EFF7
(1)   45/       0 : =CBEH               RD_77		EQU 0X0CBE			;€„…‘ ’€ xx77
(1)   46/       0 : =DBEH               RD_PALITRA	EQU 0X0DBE			;€„…‘ ’€ €‹’›
(1)   47/       0 :                     
(1)   48/       0 : =4000H              FDI_TABLE_CYL	EQU 0X4000			;€„…‘ ’€‹–› €—€‹ „†… ‚ €‡…
(1)   49/       0 : =40FFH              FDI_PAGE_START	EQU 0X40FF			;‘…™…… ‚ ‘’€–€• €—€‹€ ‘…’‚ €‡€
(1)   50/       0 : =41FEH              FDI_BYTE_SMESH	EQU 0X41FE			;‘…™…… ‚ €‰’€• €—€‹€ €‡€ ‡€ƒ“†…ƒ ‚ €„‘
(1)   51/       0 : =41FFH              FDI_BLOCK_SMESH	EQU 0X41FF			;‘…™…… ‚ ‹€• ( 256 €‰’) €—€‹€ ‘…’‚ €‡€
(1)   52/       0 : =4400H              FDI_IMAGE1SECT	EQU 0X4400			;€„…‘ ‡€ƒ“‡ …‚ƒ ‘…’€ „‹ …„…‹… ‘…™…
(1)   53/       0 :                     
(1)   54/       0 : =80H                TURBO14		EQU 0X80			;€‡……… ‚‹—… TURBO 14MHZ
(1)   55/       0 : =40H                EMUL_TAPE	EQU 0X40			;€‡……… “‹– ‡€ƒ“‡ ‘ ‹…’›
(1)   56/       0 : =20H                PRINTER_AY	EQU 0X20			;€‡……… „…› „€‰‚…€ …—€’ ‚ BASIC48
(1)   57/       0 : =10H                RELOAD_FONT	EQU 0X10			;€‡……… ……‡€ƒ“‡ ”’€  ‘‘…
 AS V1.42 Beta [Bld 78] - source file test_rdfont.a80(../../global_vars.a80) - page 3 - 1/16/2012 18:32:50


(1)   58/       0 : =8H                 TYPE_FONT	EQU 0X08			;‚› „‚ ”’€
(1)   59/       0 :                     
(1)   60/       0 : =0H                 RESET2EVOSERV	EQU 0				;‘‘ ‚ EVO SRVICE
(1)   61/       0 : =1H                 RESET2GLUK	EQU 1				;‘‘ ‚ GLUK SERVICE
(1)   62/       0 : =2H                 RESET2PROFROM	EQU 2				;‘‘ ‚ PROFROM
(1)   63/       0 : =3H                 RESET2CUSTOM	EQU 3				;‘‘ ‚ CUSTOM ROM
(1)   64/       0 :                     
(1)   65/       0 :                     ;…€ ”“–‰ RST 8, „ †…’ ›’ ‡……. 
(1)   66/       0 : =40H                Ay_prn_init	EQU 0X40
(1)   67/       0 : =41H                Ay_prn_a_	EQU 0X41
(1)   68/       0 : =42H                Ay_prn_token	EQU 0X42
(1)   69/       0 : =43H                Ay_prn_scr	EQU 0X43
(1)   70/       0 : =44H                Tape_init	EQU 0X44
(1)   71/       0 : =45H                Tape_emul	EQU 0X45
(1)   72/       0 : =46H                Winw		EQU 0X46
(1)   73/       0 : =47H                Print_message	EQU 0X47
(1)   74/       0 : =48H                Print_a		EQU 0X48
(1)   75/       0 : =49H                Scrol_up	EQU 0X49
(1)   76/       0 : =4AH                Scroll_down	EQU 0X4A
(1)   77/       0 : =4BH                Com_dev		EQU 0X4B
(1)   78/       0 : =4CH                Run_filecode	EQU 0X4C
(1)   79/       0 : =4DH                Write_font	EQU 0X4D
(1)   80/       0 : =4EH                Read_font	EQU 0X4E
(1)   81/       0 :                     
(1)   82/       0 :                     ;…€ ”“–‰ ……„†…€ “‘’‰‘’‚
(1)   83/       0 : =0H                 Devfind		EQU 0				;00 ‘ “‘’‰‘’‚                        
(1)   84/       0 : =1H                 Set_vol		EQU 1				;01 ‚› €‡„…‹€                          
(1)   85/       0 : =2H                 Kol_vol		EQU 2				;02 ‡€‘ €‰„…ƒ                       
(1)   86/       0 : =3H                 Set_device	EQU 3				;03 “‘’€‚€ ’‚ “‘’‰‘’‚€  LBA …†€
(1)   87/       0 : =4H                 To_drv		EQU 4				;04 ‚›‡‚ „€‰‚…€ ‚›€ƒ “‘’‰‘’‚€   
(1)   88/       0 : =5H                 Comhddn		EQU 5				;05 ‰ ‚›‡‚ „€‰‚…€ HDD NEMO (‚……€ ”“–)
(1)   89/       0 :                     
(1)   90/       0 : =14H                ADR_SEL_ROM	EQU 0X0014			;€„…‘ ……‹—… ‘’€– ROM
(1)   91/       0 : =67H                ADR_MAGIC	EQU 0X0067			;€„…‘ €—€‹€ €’ MAGIC
(1)   92/       0 : =6AH                ADR_EXITRST8	EQU ADR_MAGIC+3			;€„…‘ ‚›•„€ ‡ RST 8
(1)   93/       0 : =6DH                ADR_EXITMAGIC	EQU ADR_EXITRST8+3		;€„…‘ ‚›•„€ ‡ MAGIC
(1)   94/       0 :                     
(1)   95/       0 : =2300H              OFFSET_FNTSAVE	EQU 0X2300			;‘…™…… ‚ ‘’€–… „‹ ‘™•€… ”’€
(1)   96/       0 : =2B00H              OFFSET_SCRSAVE	EQU 0X2B00			;‘…™…… ‚ ‘’€–… „‹ ‘•€… €€
(1)   97/       0 :                     
       4/       0 :                     
       5/    6000 :                     		ORG 0X6000
       6/    6000 : F3                  TEST_READ_FONT	DI
       7/    6001 : 31 00 60            		LD SP,0X6000
       8/    6004 : 21 00 40            		LD HL,0X4000
       9/    6007 : 54                  		LD D,H
      10/    6008 : 5D                  		LD E,L
      11/    6009 : 13                  		INC DE
      12/    600A : 01 00 18            		LD BC,0X1800
      13/    600D : 75                  		LD (HL),L
      14/    600E : ED B0               		LDIR
      15/    6010 : 01 00 03            		LD BC,0X300
      16/    6013 : 36 0F               		LD (HL),%00001111
      17/    6015 : ED B0               		LDIR
      18/    6017 : 11 01 40            		LD DE,0X4001
      19/    601A : 21 AC 69            		LD HL,FIRST_TEST
      20/    601D : CD 64 61            		CALL PRINT
      21/    6020 : 3E 04               		LD A,4
      22/    6022 : D3 BF               		OUT (PEVO_CONF),A
      23/    6024 : DD 2E 00            		LD IXL,0
 AS V1.42 Beta [Bld 78] - source file test_rdfont.a80 - page 4 - 1/16/2012 18:32:50


      24/    6027 : 21 00 00            		LD HL,0
      25/    602A : 11 00 80            		LD DE,0X8000
      26/    602D : 01 00 08            		LD BC,0X800
      27/    6030 : ED B0               		LDIR				;…‚… —’…… ”’€
      28/    6032 : AF                  		XOR A
      29/    6033 : D3 BF               		OUT (PEVO_CONF),A
      30/    6035 : 21 00 80            		LD HL,0X8000
      31/    6038 : 11 AC 61            		LD DE,TXT_CHARS
      32/    603B : 01 00 08            		LD BC,0X800
      33/    603E : 1A                  TRDFNT01	LD A,(DE)			;‘€‚…… ‘ ‘•„›
      34/    603F : BE                  		CP (HL)
      35/    6040 : 28 0E               		JR Z,TRDFNT03
      36/    6042 : DD 2E 01            		LD IXL,1
      37/    6045 : 11 41 40            		LD DE,0X4041
      38/    6048 : 21 FF 69            		LD HL,FIRST_READ_ERR
      39/    604B : CD 64 61            		CALL PRINT
      40/    604E : 18 13               		JR TRDFNT04
      41/    6050 :                     
      42/    6050 : 23                  TRDFNT03	INC HL
      43/    6051 : 13                  		INC DE
      44/    6052 : 0B                  		DEC BC
      45/    6053 : 78                  		LD A,B
      46/    6054 : B1                  		OR C
      47/    6055 : 20 E7               		JR NZ,TRDFNT01
      48/    6057 : DD 2E 00            		LD IXL,0
      49/    605A : 11 01 48            		LD DE,0X4801
      50/    605D : 21 1E 6A            		LD HL,FIRST_PASS_OK
      51/    6060 : CD 64 61            		CALL PRINT
      52/    6063 : 11 E1 50            TRDFNT04	LD DE,0X50E1
      53/    6066 : 21 D8 6A            		LD HL,PRESS_SPACE
      54/    6069 : CD 64 61            		CALL PRINT
      55/    606C : CD 9B 61            		CALL WAIT_SPACE
      56/    606F : 21 AC 61            		LD HL,TXT_CHARS
      57/    6072 :                     ;		RST 8
      58/    6072 :                     ;		DB Write_font
      59/    6072 : 3E 04               		LD A,4
      60/    6074 : D3 BF               		OUT (PEVO_CONF),A
      61/    6076 : 11 00 00            		LD DE,0
      62/    6079 : 01 00 08            		LD BC,0X800
      63/    607C : ED B0               		LDIR
      64/    607E : 10 FE               		DJNZ $
      65/    6080 : 21 00 00            		LD HL,0
      66/    6083 : 11 00 80            		LD DE,0X8000
      67/    6086 : 01 00 08            		LD BC,0X800
      68/    6089 : ED B0               		LDIR				;—’…… ”’€
      69/    608B : AF                  		XOR A
      70/    608C : D3 BF               		OUT (PEVO_CONF),A
      71/    608E : DD 2E 00            		LD IXL,0
      72/    6091 : 21 AC 61            		LD HL,TXT_CHARS
      73/    6094 : 11 00 80            		LD DE,0X8000
      74/    6097 : 01 00 08            		LD BC,0X800
      75/    609A : 1A                  TRDFNT02	LD A,(DE)			;‘€‚……
      76/    609B : BE                  		CP (HL)
      77/    609C : 28 0E               		JR Z,TRDFNT05
      78/    609E : DD 2E 01            		LD IXL,1
      79/    60A1 : 11 41 48            		LD DE,0X4841
      80/    60A4 : 21 39 6A            		LD HL,SECOND_PASS_ERR
      81/    60A7 : CD 64 61            		CALL PRINT
      82/    60AA : 18 10               		JR TRDFNT06
      83/    60AC :                     
 AS V1.42 Beta [Bld 78] - source file test_rdfont.a80 - page 5 - 1/16/2012 18:32:50


      84/    60AC : 23                  TRDFNT05	INC HL
      85/    60AD : 13                  		INC DE
      86/    60AE : 0B                  		DEC BC
      87/    60AF : 78                  		LD A,B
      88/    60B0 : B1                  		OR C
      89/    60B1 : 20 E7               		JR NZ,TRDFNT02
      90/    60B3 : 11 41 48            		LD DE,0X4841
      91/    60B6 : 21 58 6A            		LD HL,SECOND_PASS_OK
      92/    60B9 : CD 64 61            		CALL PRINT
      93/    60BC : 11 E0 50            TRDFNT06	LD DE,0X50E0
      94/    60BF : 21 D8 6A            		LD HL,PRESS_SPACE
      95/    60C2 : CD 64 61            		CALL PRINT
      96/    60C5 : CD 9B 61            		CALL WAIT_SPACE
      97/    60C8 : DD 7D               		LD A,IXL
      98/    60CA : A7                  		AND A
      99/    60CB : C2 00 60            		JP NZ,TEST_READ_FONT
     100/    60CE : 3E 01               		LD A,1
     101/    60D0 : D3 BF               		OUT (PEVO_CONF),A
     102/    60D2 : 01 FD 7F            		LD BC,0X7FFD
     103/    60D5 : 3E 10               		LD A,0X10			;€ 0
     104/    60D7 : ED 79               		OUT (C),A
     105/    60D9 : 01 77 FF            		LD BC,0XFF77
     106/    60DC : 3E A4               		LD A,0XA4
     107/    60DE : ED 79               		OUT (C),A
     108/    60E0 : 01 F7 FF            		LD BC,WIN_A3
     109/    60E3 : 3E 76               		LD A,0X76			;‘’€–€ 9
     110/    60E5 : ED 79               		OUT (C),A
     111/    60E7 : 21 00 C8            		LD HL,0XC800
     112/    60EA : 11 01 C8            		LD DE,0XC801
     113/    60ED : 01 00 08            		LD BC,0X800
     114/    60F0 : 36 30               		LD (HL),%00110000
     115/    60F2 : ED B0               		LDIR
     116/    60F4 : 11 03 02            		LD DE,0X0203
     117/    60F7 : 21 C8 69            		LD HL,SECOND_TEST
     118/    60FA : 0E 3A               		LD C,%00111010
     119/    60FC : CD 43 61            		CALL PRINTT
     120/    60FF : 11 05 09            		LD DE,0X0905
     121/    6102 : 21 73 6A            		LD HL,SCREEN0
     122/    6105 : 0E 19               		LD C,%00011001
     123/    6107 : CD 43 61            		CALL PRINTT
     124/    610A : CD 9B 61            		CALL WAIT_SPACE
     125/    610D : 01 F7 FF            		LD BC,WIN_A3
     126/    6110 : 3E 74               		LD A,0X74			;‘’€–€ 11
     127/    6112 : ED 79               		OUT (C),A
     128/    6114 : 01 FD 7F            		LD BC,0X7FFD
     129/    6117 : 3E 18               		LD A,0X18			;€ 1
     130/    6119 : ED 79               		OUT (C),A
     131/    611B : 21 00 C8            		LD HL,0XC800
     132/    611E : 11 01 C8            		LD DE,0XC801
     133/    6121 : 01 00 08            		LD BC,0X800
     134/    6124 : 36 08               		LD (HL),%00001000
     135/    6126 : ED B0               		LDIR
     136/    6128 : 11 04 12            		LD DE,0X1204
     137/    612B : 21 C8 69            		LD HL,SECOND_TEST
     138/    612E : 0E 1F               		LD C,%00011111
     139/    6130 : CD 43 61            		CALL PRINTT
     140/    6133 : 11 10 11            		LD DE,0X1110
     141/    6136 : 21 A5 6A            		LD HL,SCREEN1
     142/    6139 : 0E 31               		LD C,%00110001
     143/    613B : CD 43 61            		CALL PRINTT
 AS V1.42 Beta [Bld 78] - source file test_rdfont.a80 - page 6 - 1/16/2012 18:32:50


     144/    613E : CD 9B 61            		CALL WAIT_SPACE
     145/    6141 : 18 FE               		JR $
     146/    6143 :                     
     147/    6143 :                     ;D=X E=Y C=COLOR
     148/    6143 : 7E                  PRINTT		LD A,(HL)
     149/    6144 : 23                  		INC HL
     150/    6145 : A7                  		AND A
     151/    6146 : C8                  		RET Z
     152/    6147 : E5                  		PUSH HL
     153/    6148 : D5                  		PUSH DE
     154/    6149 : 42                  		LD B,D
     155/    614A : 6B                  		LD L,E
     156/    614B : 26 00               		LD H,0
     157/    614D : 54                  		LD D,H
     158/    614E : 29                  		ADD HL,HL	;X2
     159/    614F : 29                  		ADD HL,HL	;X4
     160/    6150 : 19                  		ADD HL,DE	;X5
     161/    6151 : 29                  		ADD HL,HL	;10
     162/    6152 : 29                  		ADD HL,HL	;20
     163/    6153 : 29                  		ADD HL,HL	;40
     164/    6154 : 29                  		ADD HL,HL	;80
     165/    6155 : 58                  		LD E,B
     166/    6156 : 19                  		ADD HL,DE
     167/    6157 : 11 00 C0            		LD DE,0XC000
     168/    615A : 19                  		ADD HL,DE
     169/    615B : 77                  		LD (HL),A
     170/    615C : CB DC               		SET 3,H
     171/    615E : 71                  		LD (HL),C
     172/    615F : D1                  		POP DE
     173/    6160 : E1                  		POP HL
     174/    6161 : 14                  		INC D
     175/    6162 : 18 DF               		JR PRINTT
     176/    6164 :                     
     177/    6164 : 7E                  PRINT		LD A,(HL)
     178/    6165 : 23                  		INC HL
     179/    6166 : A7                  		AND A
     180/    6167 : C8                  		RET Z
     181/    6168 : E5                  		PUSH HL
     182/    6169 : D5                  		PUSH DE
     183/    616A : D5                  		PUSH DE
     184/    616B : 6F                  		LD L,A
     185/    616C : 26 00               		LD H,0
     186/    616E : 11 AC 61            		LD DE,TXT_CHARS
     187/    6171 : 29                  		ADD HL,HL
     188/    6172 : 29                  		ADD HL,HL
     189/    6173 : 29                  		ADD HL,HL
     190/    6174 : 19                  		ADD HL,DE
     191/    6175 : D1                  		POP DE
     192/    6176 :                     		REPT 8
     193/    6176 :                     		LD A,(HL)
     194/    6176 :                     		LD (DE),A
     195/    6176 :                     		INC HL
     196/    6176 :                     		INC D
     197/    6176 :                     		ENDM
     193/    6176 : 7E                  		LD A,(HL)
     194/    6177 : 12                  		LD (DE),A
     195/    6178 : 23                  		INC HL
     196/    6179 : 14                  		INC D
     193/    617A : 7E                  		LD A,(HL)
     194/    617B : 12                  		LD (DE),A
 AS V1.42 Beta [Bld 78] - source file test_rdfont.a80 - page 7 - 1/16/2012 18:32:50


     195/    617C : 23                  		INC HL
     196/    617D : 14                  		INC D
     193/    617E : 7E                  		LD A,(HL)
     194/    617F : 12                  		LD (DE),A
     195/    6180 : 23                  		INC HL
     196/    6181 : 14                  		INC D
     193/    6182 : 7E                  		LD A,(HL)
     194/    6183 : 12                  		LD (DE),A
     195/    6184 : 23                  		INC HL
     196/    6185 : 14                  		INC D
     193/    6186 : 7E                  		LD A,(HL)
     194/    6187 : 12                  		LD (DE),A
     195/    6188 : 23                  		INC HL
     196/    6189 : 14                  		INC D
     193/    618A : 7E                  		LD A,(HL)
     194/    618B : 12                  		LD (DE),A
     195/    618C : 23                  		INC HL
     196/    618D : 14                  		INC D
     193/    618E : 7E                  		LD A,(HL)
     194/    618F : 12                  		LD (DE),A
     195/    6190 : 23                  		INC HL
     196/    6191 : 14                  		INC D
     193/    6192 : 7E                  		LD A,(HL)
     194/    6193 : 12                  		LD (DE),A
     195/    6194 : 23                  		INC HL
     196/    6195 : 14                  		INC D
     198/    6196 : D1                  		POP DE
     199/    6197 : E1                  		POP HL
     200/    6198 : 1C                  		INC E
     201/    6199 : 18 C9               		JR PRINT
     202/    619B :                     
     203/    619B : 3E 7F               WAIT_SPACE	LD A,0X7F
     204/    619D : DB FE               		IN A,(0XFE)
     205/    619F : E6 01               		AND 1
     206/    61A1 : 20 F8               		JR NZ,WAIT_SPACE
     207/    61A3 : AF                  WAIT_SPACE1	XOR A
     208/    61A4 : DB FE               		IN A,(0XFE)
     209/    61A6 : 2F                  		CPL
     210/    61A7 : E6 1F               		AND 0X1F
     211/    61A9 : 20 F8               		JR NZ,WAIT_SPACE1
     212/    61AB : C9                  		RET
     213/    61AC :                     
     214/    61AC :                     TXT_CHARS	binclude ../../page4/source/8x8_ar.fnt
     215/    69AC :                     
     216/    69AC :                     ;		    01234567890123456789012345678901
     217/    69AC : 20 8F A5 E0 A2 EB   FIRST_TEST	DB " ¥ΰΆλ© β¥αβ: ηβ¥­¨¥ δ®­β  ",0
                    A9 20 E2 A5 E1 E2 
                    3A 20 E7 E2 A5 AD 
                    A8 A5 20 E4 AE AD 
                    E2 A0 20 00 
     218/    69C8 : 20 82 E2 AE E0 AE   SECOND_TEST	DB " ‚β®ΰ®© β¥αβ: ΆλΆ®¤ β¥ªαβ  ­  β¥ªαβ®Άλ¥ νªΰ ­λ 9 ¨ 11 ",0
                    A9 20 E2 A5 E1 E2 
                    3A 20 A2 EB A2 AE 
                    A4 20 E2 A5 AA E1 
                    E2 A0 20 AD A0 20 
                    E2 A5 AA E1 E2 AE 
                    A2 EB A5 20 ED AA 
                    E0 A0 AD EB 20 39 
                    20 A8 20 31 31 20 
                    00 
 AS V1.42 Beta [Bld 78] - source file test_rdfont.a80 - page 8 - 1/16/2012 18:32:50


     219/    69FF : 20 8F A5 E0 A2 AE   FIRST_READ_ERR	DB " ¥ΰΆ®¥ ηβ¥­¨¥ δ®­β  - ®θ¨΅ª  ",0
                    A5 20 E7 E2 A5 AD 
                    A8 A5 20 E4 AE AD 
                    E2 A0 20 2D 20 AE 
                    E8 A8 A1 AA A0 20 
                    00 
     220/    6A1E : 20 8F A5 E0 A2 AE   FIRST_PASS_OK	DB " ¥ΰΆ®¥ ηβ¥­¨¥ δ®­β  -  ",0
                    A5 20 E7 E2 A5 AD 
                    A8 A5 20 E4 AE AD 
                    E2 A0 20 2D 20 8E 
                    8A 20 00 
     221/    6A39 : 20 82 E2 AE E0 AE   SECOND_PASS_ERR	DB " ‚β®ΰ®¥ ηβ¥­¨¥ δ®­β  - ®θ¨΅ª  ",0
                    A5 20 E7 E2 A5 AD 
                    A8 A5 20 E4 AE AD 
                    E2 A0 20 2D 20 AE 
                    E8 A8 A1 AA A0 20 
                    00 
     222/    6A58 : 20 82 E2 AE E0 AE   SECOND_PASS_OK	DB " ‚β®ΰ®¥ ηβ¥­¨¥ δ®­β  -  ",0
                    A5 20 E7 E2 A5 AD 
                    A8 A5 20 E4 AE AD 
                    E2 A0 20 2D 20 8E 
                    8A 20 00 
     223/    6A73 : 20 96 A2 A5 E2 AD   SCREEN0		DB " –Ά¥β­ ο ―¥η βμ ­  νªΰ ­¥ ­®¬¥ΰ 0 - Ά 9 αβΰ ­¨ζ¥ ",0
                    A0 EF 20 AF A5 E7 
                    A0 E2 EC 20 AD A0 
                    20 ED AA E0 A0 AD 
                    A5 20 AD AE AC A5 
                    E0 20 30 20 2D 20 
                    A2 20 39 20 E1 E2 
                    E0 A0 AD A8 E6 A5 
                    20 00 
     224/    6AA5 : 20 96 A2 A5 E2 AD   SCREEN1		DB " –Ά¥β­ ο ―¥η βμ ­  νªΰ ­¥ ­®¬¥ΰ 1 - Ά 11 αβΰ ­¨ζ¥ ",0
                    A0 EF 20 AF A5 E7 
                    A0 E2 EC 20 AD A0 
                    20 ED AA E0 A0 AD 
                    A5 20 AD AE AC A5 
                    E0 20 31 20 2D 20 
                    A2 20 31 31 20 E1 
                    E2 E0 A0 AD A8 E6 
                    A5 20 00 
     225/    6AD8 : 20 50 72 65 73 73   PRESS_SPACE	DB " Press SPACE please :) ",0
                    20 53 50 41 43 45 
                    20 70 6C 65 61 73 
                    65 20 3A 29 20 00 
     226/    6AF0 :                     
 AS V1.42 Beta [Bld 78] - source file test_rdfont.a80 - page 9 - 1/16/2012 18:32:50


  symbol table (* = unused):
  ------------------------

*ADR_EXITMAGIC :                 6D - |  ADR_EXITRST8 :                  6A - |
 ADR_MAGIC :                     67 - | *ADR_SEL_ROM :                   14 - |
*ARCHITECTURE :  i386-unknown-win32 - | *ATM_FONT :                    37F8 - |
*Ay_prn_a_ :                     41 - | *Ay_prn_init :                   40 - |
*Ay_prn_scr :                    43 - | *Ay_prn_token :                  42 - |
*BIGENDIAN :                      0 - | *BRANCHEXT :                      0 - |
*CASESENSITIVE :                  1 - | *CMOSD_RD_WR :                 BEF7 - |
*CMOSD_SET_ADR :               DEF7 - | *CMOS_RD_WR :                  BFF7 - |
*CMOS_SET_ADR :                DFF7 - | *CONF4CUSTOM :                   9C - |
*CONF4GLUK :                     90 - | *CONF4PROF :                     8C - |
*CONSTPI :        3.141592653589793 - | *CP866_FONT :                  2FF8 - |
*Com_dev :                       4B - | *Comhddn :                        5 - |
*DATE :                   1/16/2012 - | *Devfind :                        0 - |
*EMUL_TAPE :                     40 - | *FALSE :                          0 - |
*FDI_BLOCK_SMESH :             41FF - | *FDI_BYTE_SMESH :              41FE - |
*FDI_IMAGE1SECT :              4400 - | *FDI_PAGE_START :              40FF - |
*FDI_TABLE_CYL :               4000 - |  FIRST_PASS_OK :               6A1E C |
 FIRST_READ_ERR :              69FF C |  FIRST_TEST :                  69AC C |
*FULLPMMU :                       1 - | *HAS64 :                          1 - |
*HASDSP :                         0 - | *HASFPU :                         0 - |
*HASPMMU :                        0 - | *INEXTMODE :                      0 - |
*INLWORDMODE :                    0 - | *INMAXMODE :                      0 - |
*INSRCMODE :                      0 - | *INSUPMODE :                      0 - |
*Kol_vol :                        2 - | *LISTON :                         1 - |
*MACEXP :                         1 - | *MOMCPU :                      80DC - |
*MOMCPUNAME :              Z80UNDOC - | *NESTMAX :                      100 - |
*OFFSET_FNTSAVE :              2300 - | *OFFSET_SCRSAVE :              2B00 - |
*PACKING :                        0 - | *PADDING :                        1 - |
*PAGE4FLASHER :                  40 - | *PAGE4TAP :                      60 - |
*PAGE_EVODOS :                    1 - | *PAGE_PROFROM :                   2 - |
*PAGE_RAMDISK :                   3 - | *PENT_CONF :                   EFF7 - |
 PEVO_CONF :                     BF - |  PRESS_SPACE :                 6AD8 C |
 PRINT :                       6164 C | *PRINTER_AY :                    20 - |
 PRINTT :                      6143 C | *Print_a :                       48 - |
*Print_message :                 47 - | *RD_0WINA0 :                     BE - |
*RD_0WINA1 :                    1BE - | *RD_0WINA2 :                    2BE - |
*RD_0WINA3 :                    3BE - | *RD_1WINA0 :                    4BE - |
*RD_1WINA1 :                    5BE - | *RD_1WINA2 :                    6BE - |
*RD_1WINA3 :                    7BE - | *RD_77 :                        CBE - |
*RD_7FFD :                      ABE - | *RD_DOS7FFD :                   9BE - |
*RD_EFF7 :                      BBE - | *RD_PALITRA :                   DBE - |
*RD_RAMNROM :                   8BE - | *RELAXED :                        1 - |
*RELOAD_FONT :                   10 - | *RESET2CUSTOM :                   3 - |
*RESET2EVOSERV :                  0 - | *RESET2GLUK :                     1 - |
*RESET2PROFROM :                  2 - | *Read_font :                     4E - |
*Run_filecode :                  4C - |  SCREEN0 :                     6A73 C |
 SCREEN1 :                     6AA5 C |  SECOND_PASS_ERR :             6A39 C |
 SECOND_PASS_OK :              6A58 C |  SECOND_TEST :                 69C8 C |
*Scrol_up :                      49 - | *Scroll_down :                   4A - |
*Set_device :                     3 - | *Set_vol :                        1 - |
 TEST_READ_FONT :              6000 C | *TIME :                    18:32:50 - |
 TRDFNT01 :                    603E C |  TRDFNT02 :                    609A C |
 TRDFNT03 :                    6050 C |  TRDFNT04 :                    6063 C |
 TRDFNT05 :                    60AC C |  TRDFNT06 :                    60BC C |
*TRUE :                           1 - | *TURBO14 :                       80 - |
 TXT_CHARS :                   61AC C | *TYPE_FONT :                      8 - |
*Tape_emul :                     45 - | *Tape_init :                     44 - |
 AS V1.42 Beta [Bld 78] - source file test_rdfont.a80 - page 10 - 1/16/2012 18:32:50


*To_drv :                         4 - | *VERSION :                     142F - |
 WAIT_SPACE :                  619B C |  WAIT_SPACE1 :                 61A3 C |
*WIN_A0 :                      3FF7 - | *WIN_A1 :                      7FF7 - |
*WIN_A2 :                      BFF7 - |  WIN_A3 :                      FFF7 - |
*WIN_P0 :                      37F7 - | *WIN_P1 :                      77F7 - |
*WIN_P2 :                      B7F7 - | *WIN_P3 :                      F7F7 - |
*Winw :                          46 - | *Write_font :                    4D - |

    128 symbols
    103 unused symbols

 AS V1.42 Beta [Bld 78] - source file test_rdfont.a80 - page 11 - 1/16/2012 18:32:50


  defined macros:
  ---------------

DC                                    | DUPL                                 
DZ                                    | SUM_HOB                              

      4 macros

 AS V1.42 Beta [Bld 78] - source file test_rdfont.a80 - page 12 - 1/16/2012 18:32:50


  defined functions:
  ------------------

LOW                                   | HIGH                                 

 AS V1.42 Beta [Bld 78] - source file test_rdfont.a80 - page 13 - 1/16/2012 18:32:50


  codepages:
  ----------

STANDARD (0 changed characters)


0.09 seconds assembly time

    383 lines source file
    415 lines incl. macro expansions
      2 passes
      0 errors
      0 warnings
